$ git clone git@github.com:FKafka/TheCastle
Cloning into "TheCastle"...
Failed: Your legal claim to this repository is not valid, yet, taking certain auxiliary circumstances into account, you are permitted to learn more about it."
For more information see https://en.wikipedia.org/wiki/The_Castle_(novel)
$ git blame JosephK
Blaming...
Placing JosephK.dll into folder "TheTrial"
Executing JosephK.dll...Done
JosephK.dll exited with exit code 38659503962656(0x2e291e003a20).
JosephK.dll documentation can be found in https://en.wikipedia.org/wiki/The_Trial
$ git status GSamsa
Currently a verminous bug
Has been added to .gitignore
$ git checkout Amerika
Warning: Torch will be replaced by sword when committed
$ ssh -T git@github.com
Sorry, you are too loud.
$ sudo freedom_to_install.dll
Sorry, permission denied
$ sudo install_eclipse --hack
SorrAUTHENTICATING: NMargolis upgraded to admin
Installing-done
Removing access-Dy, permission Denied
$ git commit -m "AMERIKAAAAAAA!!!!!!"
DONE
$ 